  甇??斗閬???撠?...
  ???獢?冽??啁????舫脰?????
  NcmdumpCSharpGui -> E:\ncm decode\NcmdumpCSharp\NcmdumpCSharpGui\bin\Debug\net10.0-windows\NcmdumpCSharpGui.dll

撱箇蔭????
    0 ?郎??
    0 ?隤?

蝬??? 00:00:01.35
